// Jest Snapshot v1, https://goo.gl/fbAQLP

exports[`App snapshot renders 1`] = `
<div
  className="App"
>
  <link
    crossorigin="anonymous"
    href="https://maxcdn.bootstrapcdn.com/bootstrap/4.2.1/css/bootstrap.min.css"
    integrity="sha384-GJzZqFGwb1QTTN6wy59ffF1BuGJpLSa9DkKMp0DgiMDm4iYMj70gZWKYbI706tWS"
    rel="stylesheet"
  />
  <div>
    <nav
      className="navbar navbar-expand-lg navbar-dark bg-dark"
    >
      <div
        className="container"
      >
        <span
          className="navbar-brand"
        >
          <img
            src="mylogo3.png"
            style={
              Object {
                "width": "3cm",
              }
            }
          />
        </span>
        <button
          aria-controls="basic-navbar-nav"
          aria-label="Toggle navigation"
          className="navbar-toggler collapsed"
          onClick={[Function]}
          type="button"
        >
          <span
            className="navbar-toggler-icon"
          />
        </button>
        <div
          aria-expanded={null}
          className="navbar-collapse collapse"
          id="basic-navbar-nav"
        >
          <div
            className="me-auto navbar-nav"
            onKeyDown={[Function]}
          >
            <a
              className="nav-link"
              data-rb-event-key={null}
              href="#"
              onClick={[Function]}
              onKeyDown={[Function]}
              role="button"
            >
              <a
                href="/About"
                onClick={[Function]}
              >
                About us
              </a>
            </a>
            <a
              className="nav-link"
              data-rb-event-key={null}
              href="#"
              onClick={[Function]}
              onKeyDown={[Function]}
              role="button"
            >
              <a
                href="/Signup"
                onClick={[Function]}
              >
                Signup
              </a>
            </a>
            <a
              className="nav-link"
              data-rb-event-key={null}
              href="#"
              onClick={[Function]}
              onKeyDown={[Function]}
              role="button"
            >
              <a
                href="/Login"
                onClick={[Function]}
              >
                Login
              </a>
            </a>
          </div>
        </div>
        <div
          aria-expanded={null}
          className="justify-content-end navbar-collapse collapse"
        >
          <span
            className="navbar-text"
          />
        </div>
      </div>
    </nav>
    <h1>
      Welcome 
    </h1>
    <h1>
      To the Fitness Tracker app
    </h1>
    <img
      alt="some picture"
      src="mylogo3.png"
      style={
        Object {
          "width": "8cm",
        }
      }
    />
  </div>
</div>
`;
